../Core/Src/main.c:82:6:Calibration	64	static
../Core/Src/main.c:112:6:Raw_Data	32	static
../Core/Src/main.c:122:6:RTC_Timestamp	72	static
../Core/Src/main.c:138:9:BME280_compensate_T_int32	32	static
../Core/Src/main.c:150:10:BME280_compensate_P_int64	328	static
../Core/Src/main.c:172:10:bme280_compensate_H_int32	24	static
../Core/Src/main.c:188:6:Compensate	8	static
../Core/Src/main.c:194:6:Configure	32	static
../Core/Src/main.c:206:6:BME280_Init	32	static
../Core/Src/main.c:214:6:BME280_Read	8	static
../Core/Src/main.c:218:6:BME280_Display	152	static
../Core/Src/main.c:253:5:main	56	static
../Core/Src/main.c:323:6:SystemClock_Config	88	static
../Core/Src/main.c:367:6:HAL_GPIO_EXTI_Callback	16	static
../Core/Src/main.c:379:6:Error_Handler	4	static,ignoring_inline_asm
